error: condition duplicates match guard
  --> tests/ui/duplicate_match_guard.rs:11:16
   |
LL |             if true {
   |                ^^^^
   |
   = note: `-D clippy::duplicate-match-guard` implied by `-D warnings`
   = help: to override `-D warnings` add `#[allow(clippy::duplicate_match_guard)]`

error: condition duplicates match guard
  --> tests/ui/duplicate_match_guard.rs:17:16
   |
LL |             if a > b {
   |                ^^^^^

error: condition duplicates match guard
  --> tests/ui/duplicate_match_guard.rs:24:16
   |
LL |             if b < a {
   |                ^^^^^

error: condition duplicates match guard
  --> tests/ui/duplicate_match_guard.rs:31:16
   |
LL |             if a > 0 && b > 0 {
   |                ^^^^^^^^^^^^^^

error: aborting due to 4 previous errors

